[cybersecurity-portfolio-gules.vercel.app/index.html]
[cybersecurity-portfolio-gules.vercel.app/_next/static/css/6c498d5c6b7238afbece.css]
[cybersecurity-portfolio-gules.vercel.app/_next/static/chunks/webpack-9edee2920554d0a5bece.js]
[cybersecurity-portfolio-gules.vercel.app/_next/static/chunks/4bd1b696-ad45a0d75f1c7ab5bece.js]
[cybersecurity-portfolio-gules.vercel.app/_next/static/chunks/684-d2cd29ed4d932d63bece.js]
[cybersecurity-portfolio-gules.vercel.app/_next/static/chunks/main-app-b8b88b0914fccdbabece.js]
[cybersecurity-portfolio-gules.vercel.app/_next/static/chunks/app/layout-18083bc2c5826f73bece.js]
[cybersecurity-portfolio-gules.vercel.app/_next/static/chunks/814-19d078ba0919848dbece.js]
[backblue.gif]
[fade.gif]
[index.html]
[cybersecurity-portfolio-gules.vercel.app/_next/static/chunks/app/page-c80e70c694f5fd12bece.js]
[cybersecurity-portfolio-gules.vercel.app/favicon.ico]
[cybersecurity-portfolio-gules.vercel.app/_next/static/chunks/polyfills-42372ed130431b0abece.js]
[cybersecurity-portfolio-gules.vercel.app/static/chunks/814-19d078ba0919848d.abece.delayed]
[cybersecurity-portfolio-gules.vercel.app/index.html]
[cybersecurity-portfolio-gules.vercel.app/_next/static/css/6c498d5c6b7238afbece.css]
[cybersecurity-portfolio-gules.vercel.app/static/chunks/404bece]
